Copyright 1986-2015 Xilinx, Inc. All Rights Reserved.
------------------------------------------------------------------------------------
| Tool Version : Vivado v.2015.2 (win64) Build 1266856 Fri Jun 26 16:35:25 MDT 2015
| Date         : Fri May 25 18:52:59 2018
| Host         : 014 running 64-bit Service Pack 1  (build 7601)
| Command      : report_control_sets -verbose -file showCPU_control_sets_placed.rpt
| Design       : showCPU
| Device       : xc7a35t
------------------------------------------------------------------------------------

Control Set Information

Table of Contents
-----------------
1. Summary
2. Flip-Flop Distribution
3. Detailed Control Set Information

1. Summary
----------

+-------------------------------------------------------------------+-------+
|                               Status                              | Count |
+-------------------------------------------------------------------+-------+
| Number of unique control sets                                     |    38 |
| Minimum Number of register sites lost to control set restrictions |     8 |
+-------------------------------------------------------------------+-------+


2. Flip-Flop Distribution
-------------------------

+--------------+-----------------------+------------------------+-----------------+--------------+
| Clock Enable | Synchronous Set/Reset | Asynchronous Set/Reset | Total Registers | Total Slices |
+--------------+-----------------------+------------------------+-----------------+--------------+
| No           | No                    | No                     |             322 |          224 |
| No           | No                    | Yes                    |               0 |            0 |
| No           | Yes                   | No                     |               0 |            0 |
| Yes          | No                    | No                     |               0 |            0 |
| Yes          | No                    | Yes                    |              14 |            5 |
| Yes          | Yes                   | No                     |               0 |            0 |
+--------------+-----------------------+------------------------+-----------------+--------------+


3. Detailed Control Set Information
-----------------------------------

+-------------------------------------------------------+--------------------------------------+---------------------------------------+------------------+----------------+
|                      Clock Signal                     |             Enable Signal            |            Set/Reset Signal           | Slice Load Count | Bel Load Count |
+-------------------------------------------------------+--------------------------------------+---------------------------------------+------------------+----------------+
|  Debounce/CpuCLK                                      | InsMemRW                             | SingleCycleCPUBasys/pc/curPC_reg[4]_0 |                2 |              7 |
| ~Debounce/CpuCLK                                      | SingleCycleCPUBasys/ControlUnit/E[0] | SingleCycleCPUBasys/pc/curPC_reg[4]_0 |                3 |              7 |
|  SingleCycleCPUBasys/ControlUnit/nextPC_reg[7]_144[0] |                                      |                                       |                6 |              8 |
|  SingleCycleCPUBasys/ControlUnit/nextPC_reg[7]_143[0] |                                      |                                       |                6 |              8 |
|  SingleCycleCPUBasys/ControlUnit/nextPC_reg[7]_142[0] |                                      |                                       |                7 |              8 |
|  SingleCycleCPUBasys/ControlUnit/nextPC_reg[7]_141[0] |                                      |                                       |                7 |              8 |
|  SingleCycleCPUBasys/ControlUnit/nextPC_reg[7]_140[0] |                                      |                                       |                5 |              8 |
|  SingleCycleCPUBasys/ControlUnit/nextPC_reg[7]_139[0] |                                      |                                       |                6 |              8 |
|  SingleCycleCPUBasys/ControlUnit/nextPC_reg[7]_138[0] |                                      |                                       |                5 |              8 |
|  SingleCycleCPUBasys/ControlUnit/nextPC_reg[7]_137[0] |                                      |                                       |                5 |              8 |
|  SingleCycleCPUBasys/ControlUnit/nextPC_reg[7]_136[0] |                                      |                                       |                5 |              8 |
|  SingleCycleCPUBasys/ControlUnit/nextPC_reg[7]_135[0] |                                      |                                       |                5 |              8 |
|  SingleCycleCPUBasys/ControlUnit/nextPC_reg[7]_134[0] |                                      |                                       |                7 |              8 |
|  SingleCycleCPUBasys/ControlUnit/nextPC_reg[7]_133[0] |                                      |                                       |                7 |              8 |
|  SingleCycleCPUBasys/ControlUnit/nextPC_reg[7]_132[0] |                                      |                                       |                4 |              8 |
|  SingleCycleCPUBasys/ControlUnit/nextPC_reg[7]_131[0] |                                      |                                       |                5 |              8 |
|  SingleCycleCPUBasys/ControlUnit/nextPC_reg[7]_130[0] |                                      |                                       |                5 |              8 |
|  SingleCycleCPUBasys/ControlUnit/nextPC_reg[7]_129[0] |                                      |                                       |                7 |              8 |
|  SingleCycleCPUBasys/ControlUnit/nextPC_reg[7]_128[0] |                                      |                                       |                7 |              8 |
|  SingleCycleCPUBasys/ControlUnit/nextPC_reg[7]_127[0] |                                      |                                       |                6 |              8 |
|  SingleCycleCPUBasys/ControlUnit/nextPC_reg[7]_126[0] |                                      |                                       |                7 |              8 |
|  SingleCycleCPUBasys/ControlUnit/nextPC_reg[7]_125[0] |                                      |                                       |                7 |              8 |
|  SingleCycleCPUBasys/ControlUnit/nextPC_reg[7]_124[0] |                                      |                                       |                5 |              8 |
|  SingleCycleCPUBasys/ControlUnit/nextPC_reg[7]_123[0] |                                      |                                       |                7 |              8 |
|  SingleCycleCPUBasys/ControlUnit/nextPC_reg[7]_122[0] |                                      |                                       |                5 |              8 |
|  SingleCycleCPUBasys/ControlUnit/nextPC_reg[7]_121[0] |                                      |                                       |                7 |              8 |
|  SingleCycleCPUBasys/ControlUnit/nextPC_reg[7]_120[0] |                                      |                                       |                8 |              8 |
|  SingleCycleCPUBasys/ControlUnit/nextPC_reg[7]_119[0] |                                      |                                       |                6 |              8 |
|  SingleCycleCPUBasys/ControlUnit/nextPC_reg[7]_118[0] |                                      |                                       |                6 |              8 |
|  SingleCycleCPUBasys/ControlUnit/nextPC_reg[7]_117[0] |                                      |                                       |                8 |              8 |
|  SingleCycleCPUBasys/ControlUnit/nextPC_reg[7]_116[0] |                                      |                                       |                8 |              8 |
|  SingleCycleCPUBasys/ControlUnit/nextPC_reg[7]_115[0] |                                      |                                       |                5 |              8 |
|  SingleCycleCPUBasys/ControlUnit/nextPC_reg[7]_146[0] |                                      |                                       |                5 |              8 |
|  SingleCycleCPUBasys/ControlUnit/nextPC_reg[7]_145[0] |                                      |                                       |                6 |              8 |
|  SingleCycleCPUBasys/InsMEM/nextPC_reg[7]_7           |                                      |                                       |                6 |             10 |
|  clock_100Mhz_IBUF_BUFG                               |                                      |                                       |                8 |             24 |
|  InsMemRW                                             |                                      |                                       |               15 |             32 |
|  Debounce_n_1_BUFG                                    | SingleCycleCPUBasys/InsMEM/p_0_in    |                                       |               12 |             96 |
+-------------------------------------------------------+--------------------------------------+---------------------------------------+------------------+----------------+


